[01:06:28.278] BuildWindowCore: Inicializando...
[01:06:28.284] BuildWindowCore: Contenedor _containerHwnd creado con HWND = 4C06FA
[01:06:28.291] Resize: widthPx = 1266, heightPx = 790
[01:06:28.293] WndProc WM_SIZE: w = 1266, h = 790
[01:06:28.293] GetGodotHwnd: Escaneando hijos de _containerHwnd (4C06FA)...
[01:06:28.294] GetGodotHwnd: Resultado = 0
[01:06:28.294] Resize: MoveWindow(_containerHwnd) = True
[01:06:28.294] GetGodotHwnd: Escaneando hijos de _containerHwnd (4C06FA)...
[01:06:28.294] GetGodotHwnd: Resultado = 0
[01:06:28.294] Resize: godotHwnd es cero, no se puede redimensionar.
[01:06:28.449] Resize: widthPx = 1266, heightPx = 790
[01:06:28.449] Resize: MoveWindow(_containerHwnd) = True
[01:06:28.450] GetGodotHwnd: Escaneando hijos de _containerHwnd (4C06FA)...
[01:06:28.450] GetGodotHwnd: Resultado = 0
[01:06:28.451] Resize: godotHwnd es cero, no se puede redimensionar.
[01:06:28.571] GetGodotHwnd: Escaneando hijos de _containerHwnd (4C06FA)...
[01:06:28.571] GetGodotHwnd: Resultado = 0
[01:06:28.681] GetGodotHwnd: Escaneando hijos de _containerHwnd (4C06FA)...
[01:06:28.682] GetGodotHwnd: Resultado = 0
[01:06:28.790] GetGodotHwnd: Escaneando hijos de _containerHwnd (4C06FA)...
[01:06:28.790] GetGodotHwnd: Resultado = 0
[01:06:28.900] GetGodotHwnd: Escaneando hijos de _containerHwnd (4C06FA)...
[01:06:28.901] GetGodotHwnd: Resultado = 0
[01:06:29.009] GetGodotHwnd: Escaneando hijos de _containerHwnd (4C06FA)...
[01:06:29.010] GetGodotHwnd: Resultado = 0
[01:06:29.119] GetGodotHwnd: Escaneando hijos de _containerHwnd (4C06FA)...
[01:06:29.119] GetGodotHwnd: Resultado = 0
[01:06:29.228] GetGodotHwnd: Escaneando hijos de _containerHwnd (4C06FA)...
[01:06:29.228] GetGodotHwnd: Resultado = 0
[01:06:29.336] GetGodotHwnd: Escaneando hijos de _containerHwnd (4C06FA)...
[01:06:29.337] GetGodotHwnd: Resultado = 0
[01:06:29.446] GetGodotHwnd: Escaneando hijos de _containerHwnd (4C06FA)...
[01:06:29.446] GetGodotHwnd: Resultado = 0
[01:06:29.557] GetGodotHwnd: Escaneando hijos de _containerHwnd (4C06FA)...
[01:06:29.557] GetGodotHwnd: Resultado = 0
[01:06:29.666] GetGodotHwnd: Escaneando hijos de _containerHwnd (4C06FA)...
[01:06:29.667] GetGodotHwnd: Resultado = 0
[01:06:29.777] GetGodotHwnd: Escaneando hijos de _containerHwnd (4C06FA)...
[01:06:29.778] GetGodotHwnd: Resultado = 0
[01:06:29.887] GetGodotHwnd: Escaneando hijos de _containerHwnd (4C06FA)...
[01:06:29.887] GetGodotHwnd: Resultado = 0
[01:06:29.996] GetGodotHwnd: Escaneando hijos de _containerHwnd (4C06FA)...
[01:06:29.996] GetGodotHwnd: Resultado = 0
[01:06:30.106] GetGodotHwnd: Escaneando hijos de _containerHwnd (4C06FA)...
[01:06:30.107] GetGodotHwnd: Resultado = 0
[01:06:30.214] GetGodotHwnd: Escaneando hijos de _containerHwnd (4C06FA)...
[01:06:30.214] GetGodotHwnd: Resultado = 0
[01:06:30.325] GetGodotHwnd: Escaneando hijos de _containerHwnd (4C06FA)...
[01:06:30.325] GetGodotHwnd: Resultado = 0
[01:06:30.433] GetGodotHwnd: Escaneando hijos de _containerHwnd (4C06FA)...
[01:06:30.434] GetGodotHwnd: Resultado = 0
[01:06:30.543] GetGodotHwnd: Escaneando hijos de _containerHwnd (4C06FA)...
[01:06:30.544] GetGodotHwnd: Resultado = 0
[01:06:30.653] GetGodotHwnd: Escaneando hijos de _containerHwnd (4C06FA)...
[01:06:30.654] GetGodotHwnd: Resultado = 0
[01:06:30.763] GetGodotHwnd: Escaneando hijos de _containerHwnd (4C06FA)...
[01:06:30.764] GetGodotHwnd: Resultado = 0
[01:06:30.873] GetGodotHwnd: Escaneando hijos de _containerHwnd (4C06FA)...
[01:06:30.874] GetGodotHwnd: Resultado = 0
[01:06:30.984] GetGodotHwnd: Escaneando hijos de _containerHwnd (4C06FA)...
[01:06:30.984] GetGodotHwnd: Resultado = 0
[01:06:31.093] GetGodotHwnd: Escaneando hijos de _containerHwnd (4C06FA)...
[01:06:31.093] GetGodotHwnd: Resultado = 0
[01:06:31.203] GetGodotHwnd: Escaneando hijos de _containerHwnd (4C06FA)...
[01:06:31.203] GetGodotHwnd: Resultado = 0
[01:06:31.313] GetGodotHwnd: Escaneando hijos de _containerHwnd (4C06FA)...
[01:06:31.313] GetGodotHwnd: Resultado = 0
[01:06:31.423] GetGodotHwnd: Escaneando hijos de _containerHwnd (4C06FA)...
[01:06:31.423] GetGodotHwnd: Resultado = 0
[01:06:31.529] GetGodotHwnd: Escaneando hijos de _containerHwnd (4C06FA)...
[01:06:31.530] GetGodotHwnd: Resultado = 0
[01:06:31.640] GetGodotHwnd: Escaneando hijos de _containerHwnd (4C06FA)...
[01:06:31.640] GetGodotHwnd: Resultado = 0
[01:06:31.749] GetGodotHwnd: Escaneando hijos de _containerHwnd (4C06FA)...
[01:06:31.750] GetGodotHwnd: Resultado = 0
[01:06:31.858] GetGodotHwnd: Escaneando hijos de _containerHwnd (4C06FA)...
[01:06:31.859] GetGodotHwnd: Resultado = 0
[01:06:31.967] GetGodotHwnd: Escaneando hijos de _containerHwnd (4C06FA)...
[01:06:31.968] GetGodotHwnd: Resultado = 0
[01:06:32.076] GetGodotHwnd: Escaneando hijos de _containerHwnd (4C06FA)...
[01:06:32.076] GetGodotHwnd: Resultado = 0
[01:06:32.183] GetGodotHwnd: Escaneando hijos de _containerHwnd (4C06FA)...
[01:06:32.183] GetGodotHwnd: Resultado = 0
[01:06:32.291] GetGodotHwnd: Escaneando hijos de _containerHwnd (4C06FA)...
[01:06:32.291] GetGodotHwnd: Resultado = 0
[01:06:32.398] GetGodotHwnd: Escaneando hijos de _containerHwnd (4C06FA)...
[01:06:32.399] GetGodotHwnd: Resultado = 0
[01:06:32.506] GetGodotHwnd: Escaneando hijos de _containerHwnd (4C06FA)...
[01:06:32.507] GetGodotHwnd: Resultado = 0
[01:06:32.614] GetGodotHwnd: Escaneando hijos de _containerHwnd (4C06FA)...
[01:06:32.615] GetGodotHwnd: Resultado = 0
[01:06:32.723] GetGodotHwnd: Escaneando hijos de _containerHwnd (4C06FA)...
[01:06:32.723] GetGodotHwnd: Resultado = 0
[01:06:32.830] GetGodotHwnd: Escaneando hijos de _containerHwnd (4C06FA)...
[01:06:32.831] GetGodotHwnd: Resultado = 0
[01:06:32.940] GetGodotHwnd: Escaneando hijos de _containerHwnd (4C06FA)...
[01:06:32.941] GetGodotHwnd: Resultado = 0
[01:06:33.049] GetGodotHwnd: Escaneando hijos de _containerHwnd (4C06FA)...
[01:06:33.050] GetGodotHwnd: Resultado = 0
[01:06:33.159] GetGodotHwnd: Escaneando hijos de _containerHwnd (4C06FA)...
[01:06:33.159] GetGodotHwnd: Resultado = 0
[01:06:33.268] GetGodotHwnd: Escaneando hijos de _containerHwnd (4C06FA)...
[01:06:33.269] GetGodotHwnd: Resultado = 0
[01:06:33.378] GetGodotHwnd: Escaneando hijos de _containerHwnd (4C06FA)...
[01:06:33.378] GetGodotHwnd: Resultado = 0
[01:06:33.488] GetGodotHwnd: Escaneando hijos de _containerHwnd (4C06FA)...
[01:06:33.488] GetGodotHwnd: Resultado = 0
[01:06:33.597] GetGodotHwnd: Escaneando hijos de _containerHwnd (4C06FA)...
[01:06:33.598] GetGodotHwnd: Resultado = 0
[01:06:33.708] GetGodotHwnd: Escaneando hijos de _containerHwnd (4C06FA)...
[01:06:33.708] GetGodotHwnd: Resultado = 0
[01:06:33.818] GetGodotHwnd: Escaneando hijos de _containerHwnd (4C06FA)...
[01:06:33.819] GetGodotHwnd: Resultado = 0
[01:06:33.928] GetGodotHwnd: Escaneando hijos de _containerHwnd (4C06FA)...
[01:06:33.928] GetGodotHwnd: Resultado = 0
[01:06:40.610] DestroyWindowCore: Destruyendo HWND = 4C06FA
