[22:26:11.390] MainWindow Loaded.
[22:26:16.903] MainWindow Closed.
[22:28:20.991] MainWindow Loaded.
[22:29:15.662] EnterDashboard called - isNewRegistration: True
[22:29:27.910] MainWindow Closed.
[23:25:41.023] DISPATCHER UNHANDLED EXCEPTION: System.Windows.Markup.XamlParseException: 'Se produjo una excepción al establecer la propiedad 'System.Windows.FrameworkElement.Style'.' (número de línea: '132'; posición de línea: '46').
 ---> System.InvalidOperationException: El TargetType "TextBox" no coincide con el tipo de elemento "PasswordBox".
   at System.Windows.Style.CheckTargetType(Object element)
   at System.Windows.StyleHelper.UpdateStyleCache(FrameworkElement fe, FrameworkContentElement fce, Style oldStyle, Style newStyle, Style& styleCache)
   at System.Windows.FrameworkElement.OnStyleChanged(DependencyObject d, DependencyPropertyChangedEventArgs e)
   at System.Windows.FrameworkElement.OnPropertyChanged(DependencyPropertyChangedEventArgs e)
   at System.Windows.Controls.PasswordBox.OnPropertyChanged(DependencyPropertyChangedEventArgs e)
   at System.Windows.DependencyObject.NotifyPropertyChange(DependencyPropertyChangedEventArgs args)
   at System.Windows.DependencyObject.UpdateEffectiveValue(EntryIndex entryIndex, DependencyProperty dp, PropertyMetadata metadata, EffectiveValueEntry oldEntry, EffectiveValueEntry& newEntry, Boolean coerceWithDeferredReference, Boolean coerceWithCurrentValue, OperationType operationType)
   at System.Windows.DependencyObject.SetValueCommon(DependencyProperty dp, Object value, PropertyMetadata metadata, Boolean coerceWithDeferredReference, Boolean coerceWithCurrentValue, OperationType operationType, Boolean isInternal)
   at System.Windows.DependencyObject.SetValue(DependencyProperty dp, Object value)
   at MS.Internal.Xaml.Runtime.ClrObjectRuntime.SetValue(Object inst, XamlMember property, Object value)
   --- End of inner exception stack trace ---
   at System.Windows.Markup.XamlReader.RewrapException(Exception e, IXamlLineInfo lineInfo, Uri baseUri)
   at System.Windows.Markup.WpfXamlLoader.Load(XamlReader xamlReader, IXamlObjectWriterFactory writerFactory, Boolean skipJournaledProperties, Object rootObject, XamlObjectWriterSettings settings, Uri baseUri)
   at System.Windows.Markup.WpfXamlLoader.LoadBaml(XamlReader xamlReader, Boolean skipJournaledProperties, Object rootObject, XamlAccessLevel accessLevel, Uri baseUri)
   at System.Windows.Markup.XamlReader.LoadBaml(Stream stream, ParserContext parserContext, Object parent, Boolean closeStream)
   at System.Windows.Application.LoadBamlStreamWithSyncInfo(Stream stream, ParserContext pc)
   at System.Windows.Application.DoStartup()
   at System.Windows.Application.<.ctor>b__1_0(Object unused)
   at System.Windows.Threading.ExceptionWrapper.InternalRealCall(Delegate callback, Object args, Int32 numArgs)
   at System.Windows.Threading.ExceptionWrapper.TryCatchWhen(Object source, Delegate callback, Object args, Int32 numArgs, Delegate catchHandler)
[23:33:26.206] MainWindow Loaded.
[23:33:34.649] MainWindow Closed.
[23:34:50.838] MainWindow Loaded.
[23:35:11.711] Error generating identity ZIP: Access to the path 'I:\Wold_Firma_Digital.zip' is denied.
[23:35:23.525] Error generating identity ZIP: Access to the path 'I:\Wold_Firma_Digital.zip' is denied.
[23:35:28.451] MainWindow Closed.
[23:39:25.682] MainWindow Loaded.
[23:39:41.161] Error generating identity ZIP: Access to the path 'I:\Wold_Firma_Digital.zip' is denied.
[23:39:51.255] Error generating identity ZIP: Access to the path 'I:\Wold_Firma_Digital.zip' is denied.
[23:40:11.960] Error generating identity ZIP: Access to the path 'I:\Wold_Firma_Digital.zip' is denied.
[23:40:16.528] MainWindow Closed.
[23:50:15.517] MainWindow Loaded.
[23:50:21.848] [DEBUG-ZIP] Iniciando generación de ZIP. RecoveryHash: E72A824F-7C5A-4548-B385-2512D115B847, AutoSilent: False
[23:50:21.851] [DEBUG-ZIP] Abriendo SaveFileDialog...
[23:50:30.350] [DEBUG-ZIP] Diálogo confirmado. Ruta: I:\Wold_Firma_Digital.zip, Nombre: Wold_Firma_Digital.zip
[23:50:30.351] [DEBUG-ZIP] Creando directorio temporal: C:\Users\Usuario\AppData\Local\Temp\0c206e42-750d-4941-ae32-7e54f14a57f6
[23:50:30.363] [DEBUG-ZIP] Directorio temporal creado exitosamente
[23:50:30.375] [DEBUG-ZIP] Obteniendo información del hardware...
[23:50:30.414] [DEBUG-ZIP] osInfo: {
            "name": "Microsoft Windows 10 Pro",
            "version": "10.0.19045",
            "serial": "00330-51035-43676-AAOEM",
            "architecture": "64 bits",
            "build": "19045"
        }
[23:50:30.415] [DEBUG-ZIP] cpuInfo: {
            "name": "Intel(R) Core(TM) i5-7400 CPU @ 3.00GHz",
            "id": "BFEBFBFF000906E9",
            "cores": 4,
            "threads": 4,
            "maxClockSpeed": 3000
        }
[23:50:30.426] [DEBUG-ZIP] mbInfo: {
            "manufacturer": "Acer",
            "product": "Veriton M2640G(KBL)",
            "serial": "DBVPN1100180900AFF9100",
            "version": "V:1.1   "
        }
[23:50:30.441] [DEBUG-ZIP] Valores escapados - Usuario: , Password: [PROTEGIDO], Wallet: 
[23:50:30.451] [DEBUG-ZIP] JSON generado (primeras 200 chars): {
    "user": {
        "username": "",
        "password": "",
        "registrationDate": "2026-05-20 23:50:30",
        "uuid": "E72A824F-7C5A-4548-B385-2512D115B847"
    },
    "hardware": {
     
[23:50:30.460] [DEBUG-ZIP] Guardando identity.json en: C:\Users\Usuario\AppData\Local\Temp\0c206e42-750d-4941-ae32-7e54f14a57f6\identity.json
[23:50:30.470] [DEBUG-ZIP] identity.json guardado exitosamente
[23:50:30.479] [DEBUG-ZIP] Guardando hardware_details.json en: C:\Users\Usuario\AppData\Local\Temp\0c206e42-750d-4941-ae32-7e54f14a57f6\hardware_details.json
[23:50:30.491] [DEBUG-ZIP] hardware_details.json guardado exitosamente
[23:50:30.500] [DEBUG-ZIP] Creando archivo ZIP en: I:\Wold_Firma_Digital.zip
[23:50:30.510] [DEBUG-ZIP] Archivo ZIP existente, eliminando...
[23:50:30.520] [DEBUG-ZIP] Archivo ZIP anterior eliminado
[23:50:30.542] [DEBUG-ZIP] ERROR generando ZIP: Access to the path 'I:\Wold_Firma_Digital.zip' is denied.
[23:50:30.579] [DEBUG-ZIP] StackTrace:    at System.IO.RandomAccess.WriteAtOffset(SafeFileHandle handle, ReadOnlySpan`1 buffer, Int64 fileOffset)
   at System.IO.Strategies.OSFileStreamStrategy.Write(ReadOnlySpan`1 buffer)
   at System.IO.Strategies.BufferedFileStreamStrategy.Flush(Boolean flushToDisk)
   at System.IO.Strategies.BufferedFileStreamStrategy.Dispose(Boolean disposing)
   at System.IO.Stream.Dispose()
   at System.IO.Compression.ZipArchive.CloseStreams()
   at System.IO.Compression.ZipArchive.Dispose(Boolean disposing)
   at System.IO.Compression.ZipFile.DoCreateFromDirectory(String sourceDirectoryName, String destinationArchiveFileName, Nullable`1 compressionLevel, Boolean includeBaseDirectory, Encoding entryNameEncoding)
   at System.IO.Compression.ZipFile.CreateFromDirectory(String sourceDirectoryName, String destinationArchiveFileName)
   at VisorSingularity.MainWindow.GenerateIdentityZip(String recoveryHash, Boolean autoSilent) in d:\WCVcoinMTB\WoldVirtual\WoldVirtual3Dp2p\Capa3_Visor\MainWindow.xaml.cs:line 461
[23:50:33.161] MainWindow Closed.
[23:50:42.064] MainWindow Loaded.
[23:50:44.176] [DEBUG-ZIP] Iniciando generación de ZIP. RecoveryHash: 8728631C-6CDA-4C27-8EBA-FE9D14856FDB, AutoSilent: False
[23:50:44.179] [DEBUG-ZIP] Abriendo SaveFileDialog...
[23:50:51.124] [DEBUG-ZIP] Diálogo confirmado. Ruta: I:\Wold_Firma_Digital.zip, Nombre: Wold_Firma_Digital.zip
[23:50:51.125] [DEBUG-ZIP] Creando directorio temporal: C:\Users\Usuario\AppData\Local\Temp\3e4ffafd-54eb-4357-ad44-b4071947864c
[23:50:51.125] [DEBUG-ZIP] Directorio temporal creado exitosamente
[23:50:51.125] [DEBUG-ZIP] Obteniendo información del hardware...
[23:50:51.150] [DEBUG-ZIP] osInfo: {
            "name": "Microsoft Windows 10 Pro",
            "version": "10.0.19045",
            "serial": "00330-51035-43676-AAOEM",
            "architecture": "64 bits",
            "build": "19045"
        }
[23:50:51.150] [DEBUG-ZIP] cpuInfo: {
            "name": "Intel(R) Core(TM) i5-7400 CPU @ 3.00GHz",
            "id": "BFEBFBFF000906E9",
            "cores": 4,
            "threads": 4,
            "maxClockSpeed": 3000
        }
[23:50:51.151] [DEBUG-ZIP] mbInfo: {
            "manufacturer": "Acer",
            "product": "Veriton M2640G(KBL)",
            "serial": "DBVPN1100180900AFF9100",
            "version": "V:1.1   "
        }
[23:50:51.153] [DEBUG-ZIP] Valores escapados - Usuario: , Password: [PROTEGIDO], Wallet: 
[23:50:51.154] [DEBUG-ZIP] JSON generado (primeras 200 chars): {
    "user": {
        "username": "",
        "password": "",
        "registrationDate": "2026-05-20 23:50:51",
        "uuid": "8728631C-6CDA-4C27-8EBA-FE9D14856FDB"
    },
    "hardware": {
     
[23:50:51.154] [DEBUG-ZIP] Guardando identity.json en: C:\Users\Usuario\AppData\Local\Temp\3e4ffafd-54eb-4357-ad44-b4071947864c\identity.json
[23:50:51.154] [DEBUG-ZIP] identity.json guardado exitosamente
[23:50:51.155] [DEBUG-ZIP] Guardando hardware_details.json en: C:\Users\Usuario\AppData\Local\Temp\3e4ffafd-54eb-4357-ad44-b4071947864c\hardware_details.json
[23:50:51.155] [DEBUG-ZIP] hardware_details.json guardado exitosamente
[23:50:51.155] [DEBUG-ZIP] Creando archivo ZIP en: I:\Wold_Firma_Digital.zip
[23:50:51.155] [DEBUG-ZIP] Archivo ZIP existente, eliminando...
[23:50:51.925] [DEBUG-ZIP] Archivo ZIP anterior eliminado
[23:50:51.961] [DEBUG-ZIP] Archivo ZIP creado exitosamente. Tamaño: 1147 bytes
[23:50:51.961] [DEBUG-ZIP] Limpiando directorio temporal: C:\Users\Usuario\AppData\Local\Temp\3e4ffafd-54eb-4357-ad44-b4071947864c
[23:50:51.962] [DEBUG-ZIP] Directorio temporal eliminado
[23:50:51.962] [DEBUG-ZIP] Generación de ZIP completada exitosamente
[23:51:11.230] Starting MetaMask connection process...
[23:51:11.264] HTTP Listener started on http://localhost:8080/
[23:51:11.492] Opened browser for MetaMask connection: https://metamask.github.io/metamask-deeplinks/connect?dappUrl=http%3A%2F%2Flocalhost%3A8080%2F
[23:51:26.318] MainWindow Closed.
[23:51:26.322] HTTP Listener stopped.
